TEST_1, PASSED
TEST_2, PASSED
TEST_3, PASSED
TEST_4, PASSED
TEST_5, PASSED
TEST_6, PASSED
TEST_7, PASSED
